
> final-check-frontend@0.1.0 test:smoke
> playwright test

[WebServer] INFO:     Started server process [12296]
[WebServer] INFO:     Waiting for application startup.
[WebServer] INFO:     Application startup complete.
[WebServer] INFO:     Uvicorn running on http://127.0.0.1:8100 (Press CTRL+C to quit)
[WebServer] (node:43524) Warning: The 'NO_COLOR' env is ignored due to the 'FORCE_COLOR' env being set.
[WebServer] (Use `node --trace-warnings ...` to show where the warning was created)

Running 8 tests using 2 workers

(node:47156) Warning: The 'NO_COLOR' env is ignored due to the 'FORCE_COLOR' env being set.
(Use `node --trace-warnings ...` to show where the warning was created)
(node:26736) Warning: The 'NO_COLOR' env is ignored due to the 'FORCE_COLOR' env being set.
(Use `node --trace-warnings ...` to show where the warning was created)
  ok 1 [desktop] › tests\golden-path.spec.ts:72:5 › deep link without a session has a recovery path (663ms)
  ok 3 [desktop] › tests\golden-path.spec.ts:79:5 › custom file upload never receives mocked findings (922ms)
  ok 4 [desktop] › tests\golden-path.spec.ts:94:5 › backend failure is recoverable and does not advance (658ms)
  ok 2 [desktop] › tests\golden-path.spec.ts:28:5 › five-screen golden path, evidence, filter, reload and recheck (2.5s)
(node:8124) Warning: The 'NO_COLOR' env is ignored due to the 'FORCE_COLOR' env being set.
(Use `node --trace-warnings ...` to show where the warning was created)
(node:33036) Warning: The 'NO_COLOR' env is ignored due to the 'FORCE_COLOR' env being set.
(Use `node --trace-warnings ...` to show where the warning was created)
  ok 6 [mobile] › tests\golden-path.spec.ts:72:5 › deep link without a session has a recovery path (694ms)
  ok 7 [mobile] › tests\golden-path.spec.ts:79:5 › custom file upload never receives mocked findings (819ms)
  ok 8 [mobile] › tests\golden-path.spec.ts:94:5 › backend failure is recoverable and does not advance (612ms)
  ok 5 [mobile] › tests\golden-path.spec.ts:28:5 › five-screen golden path, evidence, filter, reload and recheck (3.3s)

  8 passed (11.4s)
