
> final-check-frontend@0.1.0 build
> next build

▲ Next.js 16.3.4 (Turbopack)
✓ Running next.config.ts took 714ms

  Creating an optimized production build ...
✓ Compiled successfully in 8.6s
  Running TypeScript ...
  Finished TypeScript in 966ms ...
  Collecting page data using 8 workers ...
  Generating static pages using 8 workers (0/7) ...
  Generating static pages using 8 workers (1/7) 
  Generating static pages using 8 workers (3/7) 
  Generating static pages using 8 workers (5/7) 
✓ Generating static pages using 8 workers (7/7) in 810ms
  Finalizing page optimization ...

Route (app)
┌ ○ /
├ ○ /_not-found
├ ○ /announcement
├ ○ /recheck
├ ○ /results
└ ○ /upload


○  (Static)  prerendered as static content

